BOTSv3 Agent Full Run — 20260624_210324
Questions: 58  |  Starting at index 0  |  Limit: 5
Log: /Users/june/Desktop/Project/SIEM-Automation/results/run_20260624_210324.log
================================================================================


--------------------------------------------------------------------------------
[Q1]  Level 100  |  Warmup  |  50 pts
Q: This is a simple question to get you familiar with submitting answers. What is
   the name of the company that makes the software that you are using for this
   competition?
   [Note: Warmup question]
   Correct answer: 'splunk'
----------------------------------------

[STATE:agent_in]  step=0  msgs=1  errors=0  empty=0  verified=False
  last_msg: HumanMessage -> 'This is a simple question to get you familiar with submitting answers. What is the name of the company that makes the so'

----------------------------------------
[AGENT VERBOSE ANSWER]
[AGENT ERROR: Error code: 429 - {'status': 429, 'title': 'Too Many Requests'}]

[EXTRACTED ANSWER FOR SCOREBOARD]
Google
----------------------------------------
  Scoreboard: [UNAVAILABLE] — 500 Server Error: Unsupported Operation - KVStore disabled on instance for url: https://localhost:8089/servicesNS/nobody/SA-ctf_scoreboard_admin/storage/collections/data/ctf_answers?output_mode=json&count=0
  (local match: wrong — answer not found)
  Running total: 0 pts earned from scoreboard

--------------------------------------------------------------------------------
[Q200]  Level 200  |  AWS & Endpoint Events  |  100 pts
Q: List out the IAM users that accessed an AWS service (successfully or
   unsuccessfully) in Frothly's AWS environment?
   Correct answer: 'bstoll,btun,splunk_access,web_admin'
----------------------------------------

[STATE:agent_in]  step=0  msgs=2  errors=0  empty=0  verified=False
  last_msg: HumanMessage -> "List out the IAM users that accessed an AWS service (successfully or unsuccessfully) in Frothly's AWS environment?"

----------------------------------------
[AGENT VERBOSE ANSWER]
[AGENT ERROR: Error code: 429 - {'status': 429, 'title': 'Too Many Requests'}]

[EXTRACTED ANSWER FOR SCOREBOARD]
I'm sorry, but after reviewing the provided information, I couldn't find a list of IAM users who accessed an AWS service in Frothly's AWS environment. The analysis only mentions an error code (429) indicating "Too Many Requests". Without the actual list of users, I'm unable to provide the requested output.

If you could provide more information or resolve the error, I'd be happy to assist you further. Please let me know if there's anything else I can help you with.
----------------------------------------
  Scoreboard: [UNAVAILABLE] — 500 Server Error: Unsupported Operation - KVStore disabled on instance for url: https://localhost:8089/servicesNS/nobody/SA-ctf_scoreboard_admin/storage/collections/data/ctf_answers?output_mode=json&count=0
  (local match: wrong — answer not found)
  Running total: 0 pts earned from scoreboard

--------------------------------------------------------------------------------
[Q201]  Level 200  |  AWS & Endpoint Events  |  100 pts
Q: What field would you use to alert that AWS API activity have occurred without
   MFA (multi-factor authentication)?
   Correct answer: 'userIdentity.sessionContext.attributes.mfaAuthenticated'
----------------------------------------

[STATE:agent_in]  step=0  msgs=3  errors=0  empty=0  verified=False
  last_msg: HumanMessage -> 'What field would you use to alert that AWS API activity have occurred without MFA (multi-factor authentication)?'

----------------------------------------
[AGENT VERBOSE ANSWER]
[AGENT ERROR: Error code: 429 - {'status': 429, 'title': 'Too Many Requests'}]

[EXTRACTED ANSWER FOR SCOREBOARD]
aws.security.findings.apiActivityWithoutMFA
----------------------------------------
  Scoreboard: [UNAVAILABLE] — 500 Server Error: Unsupported Operation - KVStore disabled on instance for url: https://localhost:8089/servicesNS/nobody/SA-ctf_scoreboard_admin/storage/collections/data/ctf_answers?output_mode=json&count=0
  (local match: wrong — answer not found)
  Running total: 0 pts earned from scoreboard

--------------------------------------------------------------------------------
[Q202]  Level 200  |  AWS & Endpoint Events  |  500 pts
Q: What is the processor number used on the web servers?
   Correct answer: 'E5-2676'
----------------------------------------

[STATE:agent_in]  step=0  msgs=4  errors=0  empty=0  verified=False
  last_msg: HumanMessage -> 'What is the processor number used on the web servers?'

----------------------------------------
[AGENT VERBOSE ANSWER]
[AGENT ERROR: Error code: 429 - {'status': 429, 'title': 'Too Many Requests'}]

[EXTRACTED ANSWER FOR SCOREBOARD]
I'm sorry, but after reviewing the provided analysis, I couldn't find a specific processor number mentioned. The analysis seems to indicate an error related to too many requests (Error code: 429) without providing details about a web server's processor. If you could provide more information or specify a different processor, I'd be happy to help. 

Since the format requires a specific answer and there's no processor number provided in the analysis, I must inform you that there's no direct answer to give based on the information provided. However, to adhere strictly to your format request and given the lack of a specified processor, the response would technically be:

**None**
----------------------------------------
  Scoreboard: [UNAVAILABLE] — 500 Server Error: Unsupported Operation - KVStore disabled on instance for url: https://localhost:8089/servicesNS/nobody/SA-ctf_scoreboard_admin/storage/collections/data/ctf_answers?output_mode=json&count=0
  (local match: wrong — answer not found)
  Running total: 0 pts earned from scoreboard

--------------------------------------------------------------------------------
[Q203]  Level 200  |  AWS & Endpoint Events  |  100 pts
Q: Bud accidentally makes an S3 bucket publicly accessible. What is the event ID
   of the API call that enabled public access?
   Correct answer: 'ab45689d-69cd-41e7-8705-5350402cf7ac'
----------------------------------------

[STATE:agent_in]  step=0  msgs=5  errors=0  empty=0  verified=False
  last_msg: HumanMessage -> 'Bud accidentally makes an S3 bucket publicly accessible. What is the event ID of the API call that enabled public access'

----------------------------------------
[AGENT VERBOSE ANSWER]
[AGENT ERROR: Error code: 429 - {'status': 429, 'title': 'Too Many Requests'}]

[EXTRACTED ANSWER FOR SCOREBOARD]
PutBucketAcl
----------------------------------------
  Scoreboard: [UNAVAILABLE] — 500 Server Error: Unsupported Operation - KVStore disabled on instance for url: https://localhost:8089/servicesNS/nobody/SA-ctf_scoreboard_admin/storage/collections/data/ctf_answers?output_mode=json&count=0
  (local match: wrong — answer not found)
  Running total: 0 pts earned from scoreboard

================================================================================
FINAL SCOREBOARD -- 20260624_210324
================================================================================
  Questions attempted  : 5
  Correct (scoreboard) : 0  (0.0%)
  Wrong               : 5  (100.0%)
  Points (this run)   : 0 / 850  (0.0%)
  Points (scoreboard) : 0  (cumulative, all runs)

  Scoreboard UI : http://localhost:8000/en-US/app/SA-ctf_scoreboard/
  Results JSON  : /Users/june/Desktop/Project/SIEM-Automation/results/run_20260624_210324.json
  Full log      : /Users/june/Desktop/Project/SIEM-Automation/results/run_20260624_210324.log
================================================================================

ID       SCOREBOARD     EARNED    MAX  CORRECT ANSWER
------------------------------------------------------------------------
Q1       WRONG               0     50  splunk
Q200     WRONG               0    100  bstoll,btun,splunk_access,web_admin
Q201     WRONG               0    100  userIdentity.sessionContext.attributes.m
Q202     WRONG               0    500  E5-2676
Q203     WRONG               0    100  ab45689d-69cd-41e7-8705-5350402cf7ac
